== concurrency warmup (disjoint seeds)
  warmup c=1 n=1 rc=0
  warmup c=16 n=16 rc=0
  warmup c=64 n=64 rc=0
[21:28:10] concurrency/isl16384_osl256_c1 r1: valid=True out_tps=88.50879719426199 ttft_p50=882.0795524807181 tpot_p50=7.850533878480944 []
[21:32:40] concurrency/isl16384_osl256_c64 r1: valid=True out_tps=292.4549761281326 ttft_p50=3345.29330447549 tpot_p50=204.8504632725335 []
[21:37:11] concurrency/isl16384_osl256_c64 r2: valid=True out_tps=291.9424535719749 ttft_p50=3345.4857054748572 tpot_p50=205.8292381255431 []
[21:38:15] concurrency/isl16384_osl256_c1 r2: valid=True out_tps=88.73343703091456 ttft_p50=882.2172160143964 tpot_p50=7.853582433388368 []
[21:39:20] concurrency/isl16384_osl256_c1 r3: valid=True out_tps=88.75740262669618 ttft_p50=880.0570360035636 tpot_p50=7.855456286251509 []
[21:43:49] concurrency/isl16384_osl256_c64 r3: valid=True out_tps=292.2987546586035 ttft_p50=3307.223362469813 tpot_p50=205.55658815885147 []
== isolated warmup
  warmup c=1 n=1 rc=0
  warmup c=1 n=1 rc=0
  warmup c=1 n=1 rc=0
  warmup c=1 n=1 rc=0
  warmup c=1 n=1 rc=0
  warmup c=1 n=1 rc=0
  warmup c=1 n=1 rc=0
  warmup c=1 n=1 rc=0
  warmup c=1 n=1 rc=0
[21:47:36] isolated/isl1024_osl256_c1 r1: valid=True out_tps=118.32486445760455 ttft_p50=146.27381300670095 tpot_p50=7.843249109710623 []
[21:48:02] isolated/isl2048_osl256_c1 r1: valid=True out_tps=118.51071567153109 ttft_p50=154.08376199775375 tpot_p50=7.837489243099174 []
[21:48:27] isolated/isl4096_osl256_c1 r1: valid=True out_tps=113.8453848972722 ttft_p50=244.36002896982245 tpot_p50=7.8365442235771505 []
[21:48:54] isolated/isl8192_osl256_c1 r1: valid=True out_tps=103.76923510931626 ttft_p50=463.5082310123835 tpot_p50=7.845811868616033 []
[21:49:23] isolated/isl16384_osl256_c1 r1: valid=True out_tps=88.03738343751603 ttft_p50=909.1280895227101 tpot_p50=7.849195821429877 []
[21:49:55] isolated/isl32768_osl256_c1 r1: valid=True out_tps=67.93199411806366 ttft_p50=1778.411817504093 tpot_p50=7.789323603912421 []
[21:50:36] isolated/isl65536_osl256_c1 r1: valid=True out_tps=45.80239968587273 ttft_p50=3603.1725105131045 tpot_p50=7.775997947079732 []
[21:51:35] isolated/isl131072_osl256_c1 r1: valid=True out_tps=26.40305068700095 ttft_p50=7737.6527354936115 tpot_p50=7.689810886308003 []
[21:53:20] isolated/isl260000_osl256_c1 r1: valid=True out_tps=13.038259508666881 ttft_p50=17760.74188100756 tpot_p50=7.558668000103139 []
[21:55:05] isolated/isl260000_osl256_c1 r2: valid=True out_tps=13.031436611997727 ttft_p50=17798.489000968402 tpot_p50=7.574922219717728 []
[21:56:04] isolated/isl131072_osl256_c1 r2: valid=True out_tps=26.36445469928057 ttft_p50=7734.33747200761 tpot_p50=7.696737168589607 []
[21:56:45] isolated/isl65536_osl256_c1 r2: valid=True out_tps=45.562058941614325 ttft_p50=3641.785654501291 tpot_p50=7.7699539901040415 []
[21:57:18] isolated/isl32768_osl256_c1 r2: valid=True out_tps=68.05003678307585 ttft_p50=1767.972241010284 tpot_p50=7.803287033411656 []
[21:57:46] isolated/isl16384_osl256_c1 r2: valid=True out_tps=88.67348052169658 ttft_p50=878.8546369760297 tpot_p50=7.848395458787825 []
[21:58:13] isolated/isl8192_osl256_c1 r2: valid=True out_tps=104.16432978251957 ttft_p50=445.95354548073374 tpot_p50=7.848843329531304 []
[21:58:38] isolated/isl4096_osl256_c1 r2: valid=True out_tps=113.66820857118826 ttft_p50=245.03281601937488 tpot_p50=7.833318019573412 []
[21:59:03] isolated/isl2048_osl256_c1 r2: valid=True out_tps=118.5567242597928 ttft_p50=152.34269853681326 tpot_p50=7.843115507835048 []
[21:59:29] isolated/isl1024_osl256_c1 r2: valid=True out_tps=118.74947745608341 ttft_p50=148.03382247919217 tpot_p50=7.845748041176657 []
[21:59:54] isolated/isl1024_osl256_c1 r3: valid=True out_tps=118.74357852782865 ttft_p50=148.81408549263142 tpot_p50=7.8413209449910735 []
[22:00:19] isolated/isl2048_osl256_c1 r3: valid=True out_tps=118.58126935202174 ttft_p50=153.35911099100485 tpot_p50=7.834580707747271 []
[22:00:45] isolated/isl4096_osl256_c1 r3: valid=True out_tps=113.69077468673603 ttft_p50=244.98466751538217 tpot_p50=7.842378521694199 []
[22:01:11] isolated/isl8192_osl256_c1 r3: valid=True out_tps=104.2692885035893 ttft_p50=447.6420610153582 tpot_p50=7.844955786291109 []
[22:01:40] isolated/isl16384_osl256_c1 r3: valid=True out_tps=88.48404079830779 ttft_p50=893.4271080070175 tpot_p50=7.829403062693446 []
[22:02:12] isolated/isl32768_osl256_c1 r3: valid=True out_tps=68.07337668388502 ttft_p50=1759.2768674949184 tpot_p50=7.829052582269022 []
[22:02:53] isolated/isl65536_osl256_c1 r3: valid=True out_tps=45.77858945394899 ttft_p50=3609.8836155142635 tpot_p50=7.784169411752372 []
[22:03:53] isolated/isl131072_osl256_c1 r3: valid=True out_tps=26.36068710339293 ttft_p50=7749.476222990779 tpot_p50=7.702170511794405 []
[22:05:38] isolated/isl260000_osl256_c1 r3: valid=True out_tps=13.008033782350742 ttft_p50=17829.585543018766 tpot_p50=7.5557854686242845 []
