== concurrency warmup (disjoint seeds)
  warmup c=1 n=1 rc=0
  warmup c=16 n=16 rc=0
  warmup c=64 n=64 rc=0
[17:52:05] concurrency/isl16384_osl256_c1 r1: valid=True out_tps=88.42275432956951 ttft_p50=881.6720104950946 tpot_p50=7.887183190163627 []
[17:52:53] concurrency/isl16384_osl256_c2 r1: valid=True out_tps=138.1471891598317 ttft_p50=1479.6124365238938 tpot_p50=8.739538743119578 []
[17:53:32] concurrency/isl16384_osl256_c4 r1: valid=True out_tps=190.10384104737082 ttft_p50=2463.343365001492 tpot_p50=11.460257119695454 []
[17:54:28] concurrency/isl16384_osl256_c8 r1: valid=True out_tps=231.97594364365676 ttft_p50=4053.2018579833675 tpot_p50=18.684845972536863 []
[17:55:53] concurrency/isl16384_osl256_c16 r1: valid=True out_tps=260.990432481678 ttft_p50=4062.568066001404 tpot_p50=45.090273505889385 []
[17:58:21] concurrency/isl16384_osl256_c32 r1: valid=True out_tps=280.29494647514537 ttft_p50=4085.4971614899114 tpot_p50=98.02038970394241 []
[18:01:50] concurrency/isl16384_osl256_c48 r1: valid=True out_tps=287.1156551523871 ttft_p50=3762.1660194708966 tpot_p50=152.48607793907343 []
[18:06:19] concurrency/isl16384_osl256_c64 r1: valid=True out_tps=291.9619256751192 ttft_p50=3314.6974080009386 tpot_p50=205.9455654020056 []
[18:10:48] concurrency/isl16384_osl256_c64 r2: valid=True out_tps=292.7083711231112 ttft_p50=3303.214345505694 tpot_p50=204.99288004300303 []
[18:14:18] concurrency/isl16384_osl256_c48 r2: valid=True out_tps=286.02808220487697 ttft_p50=3349.3770740169566 tpot_p50=153.91120516464534 []
[18:16:45] concurrency/isl16384_osl256_c32 r2: valid=True out_tps=279.76400654485343 ttft_p50=3743.9353129884694 tpot_p50=99.83490241757667 []
[18:18:12] concurrency/isl16384_osl256_c16 r2: valid=True out_tps=259.77570235159664 ttft_p50=4495.8977144851815 tpot_p50=44.06034651180437 []
[18:19:07] concurrency/isl16384_osl256_c8 r2: valid=True out_tps=230.5302849384459 ttft_p50=4073.99134998559 tpot_p50=18.755897160792976 []
[18:19:47] concurrency/isl16384_osl256_c4 r2: valid=True out_tps=189.91333703141692 ttft_p50=2466.4107495045755 tpot_p50=11.458469082272666 []
[18:20:34] concurrency/isl16384_osl256_c2 r2: valid=True out_tps=138.2155561341201 ttft_p50=1472.1779504907317 tpot_p50=8.744500925440304 []
[18:21:39] concurrency/isl16384_osl256_c1 r2: valid=True out_tps=88.40519465999542 ttft_p50=883.869447017787 tpot_p50=7.879842525603725 []
[18:22:43] concurrency/isl16384_osl256_c1 r3: valid=True out_tps=88.48039607755692 ttft_p50=879.4459890050348 tpot_p50=7.891167486291926 []
[18:23:32] concurrency/isl16384_osl256_c2 r3: valid=True out_tps=138.0461353849205 ttft_p50=1478.0741799913812 tpot_p50=8.743286525543011 []
[18:24:11] concurrency/isl16384_osl256_c4 r3: valid=True out_tps=190.1448675714349 ttft_p50=2464.6607609756757 tpot_p50=11.450792852944383 []
[18:25:06] concurrency/isl16384_osl256_c8 r3: valid=True out_tps=231.6557398954977 ttft_p50=4048.3007229922805 tpot_p50=18.6939506627181 []
[18:26:33] concurrency/isl16384_osl256_c16 r3: valid=True out_tps=260.0972981188995 ttft_p50=4596.299929980887 tpot_p50=43.44763515286568 []
[18:29:01] concurrency/isl16384_osl256_c32 r3: valid=True out_tps=280.075047482255 ttft_p50=3719.780647981679 tpot_p50=98.55520604509293 []
[18:32:29] concurrency/isl16384_osl256_c48 r3: valid=True out_tps=287.9871504712738 ttft_p50=3701.8192504765466 tpot_p50=151.94719315303362 []
[18:36:58] concurrency/isl16384_osl256_c64 r3: valid=True out_tps=292.1140647873094 ttft_p50=3307.023276487598 tpot_p50=205.26544292749583 []
== context warmup
  warmup c=1 n=1 rc=0
  warmup c=1 n=1 rc=0
  warmup c=1 n=1 rc=0
  warmup c=1 n=1 rc=0
[18:39:19] context/isl16384_osl256_c8 r1: valid=True out_tps=231.47938738108718 ttft_p50=4050.5059190036263 tpot_p50=18.68419537249971 []
[18:40:42] context/isl65536_osl256_c8 r1: valid=True out_tps=68.53043767255119 ttft_p50=14318.363463506103 tpot_p50=60.45693491959908 []
[18:43:17] context/isl131072_osl256_c8 r1: valid=True out_tps=33.25209188008873 ttft_p50=29702.176997991046 tpot_p50=124.17424644318444 []
[18:48:46] context/isl260000_osl256_c8 r1: valid=True out_tps=14.77622725913015 ttft_p50=68191.59537050291 tpot_p50=275.04194817453276 []
[18:54:12] context/isl260000_osl256_c8 r2: valid=True out_tps=14.83476008401861 ttft_p50=68152.7495975024 tpot_p50=272.5208533136859 []
[18:56:47] context/isl131072_osl256_c8 r2: valid=True out_tps=33.230230090702825 ttft_p50=30605.39253652678 tpot_p50=120.65138943920223 []
[18:58:10] context/isl65536_osl256_c8 r2: valid=True out_tps=68.4113275896057 ttft_p50=14612.17250401387 tpot_p50=59.518652521507526 []
[18:58:47] context/isl16384_osl256_c8 r2: valid=True out_tps=230.4201944315055 ttft_p50=4065.5097925045993 tpot_p50=18.800953504008554 []
[18:59:22] context/isl16384_osl256_c8 r3: valid=True out_tps=231.00592573231597 ttft_p50=4051.5899099991657 tpot_p50=18.718504001998216 []
[19:00:45] context/isl65536_osl256_c8 r3: valid=True out_tps=68.60018616564595 ttft_p50=14543.274901981931 tpot_p50=59.69084987654259 []
[19:03:20] context/isl131072_osl256_c8 r3: valid=True out_tps=33.32347744491718 ttft_p50=30581.20600300026 tpot_p50=120.09140600395554 []
[19:08:46] context/isl260000_osl256_c8 r3: valid=True out_tps=14.82989865993192 ttft_p50=68687.42714799009 tpot_p50=271.53539261175774 []
[19:09:17] prefix/p65536_s2048_n1_c8 r1: valid=False out_tps=None ttft_p50=None tpot_p50=None ['bench rc=1', 'completed None/64', 'output tokens None != 16384', 'server prompt tokens 0.0 < expected 4325376']
[19:15:54] prefix/p65536_s2048_n1_c8 r1: valid=True out_tps=66.82537016240431 ttft_p50=14833.303989027627 tpot_p50=61.99477661775389 []
[19:20:32] prefix/p65536_s2048_n4_c8 r1: valid=True out_tps=66.32773702784203 ttft_p50=14916.720123001141 tpot_p50=62.35455170002145 []
[19:25:32] prefix/p65536_s2048_n16_c8 r1: valid=True out_tps=66.47589940541111 ttft_p50=14857.422038476216 tpot_p50=62.54558586857883 []
[19:30:19] prefix/p65536_s2048_n16_c8 r2: valid=True out_tps=66.4504558900993 ttft_p50=14813.175331975799 tpot_p50=62.59554371182971 []
[19:35:00] prefix/p65536_s2048_n4_c8 r2: valid=True out_tps=66.38736113714907 ttft_p50=14875.603597000008 tpot_p50=62.777649823521436 []
[19:39:38] prefix/p65536_s2048_n1_c8 r2: valid=True out_tps=66.40014239964667 ttft_p50=14863.8479874935 tpot_p50=62.795367609828205 []
[19:44:23] prefix/p65536_s2048_n1_c8 r3: valid=True out_tps=66.42515598443133 ttft_p50=14833.20144598838 tpot_p50=62.49888602349743 []
[19:49:04] prefix/p65536_s2048_n4_c8 r3: valid=True out_tps=66.27839158070702 ttft_p50=14906.549034494674 tpot_p50=62.91250799401371 []
[19:53:53] prefix/p65536_s2048_n16_c8 r3: valid=True out_tps=66.30947317899948 ttft_p50=14908.055180014344 tpot_p50=62.81379122371493 []
