== concurrency warmup (disjoint seeds)
  warmup c=1 n=1 rc=0
  warmup c=16 n=16 rc=0
  warmup c=64 n=64 rc=0
[22:38:41] concurrency/isl16384_osl256_c1 r1: valid=True out_tps=98.24551745291402 ttft_p50=681.4303625142202 tpot_p50=7.537372698025851 []
[22:39:26] concurrency/isl16384_osl256_c2 r1: valid=True out_tps=159.20141361430112 ttft_p50=1126.2242785014678 tpot_p50=8.20906431763433 []
[22:40:02] concurrency/isl16384_osl256_c4 r1: valid=True out_tps=232.48189426906816 ttft_p50=1863.2338974857703 tpot_p50=9.969014668718492 []
[22:40:50] concurrency/isl16384_osl256_c8 r1: valid=True out_tps=295.9953496945577 ttft_p50=3046.214213973144 tpot_p50=15.182012756807074 []
[22:42:07] concurrency/isl16384_osl256_c16 r1: valid=True out_tps=311.08289737506374 ttft_p50=3329.9768299912103 tpot_p50=33.85851096485139 []
[22:44:20] concurrency/isl16384_osl256_c32 r1: valid=True out_tps=322.56046073259796 ttft_p50=3349.8848425224423 tpot_p50=80.9034807294808 []
[22:47:15] concurrency/isl16384_osl256_c48 r1: valid=True out_tps=360.5434299474653 ttft_p50=3383.0185775004793 tpot_p50=111.10027245686426 []
[22:50:48] concurrency/isl16384_osl256_c64 r1: valid=True out_tps=392.5647673753887 ttft_p50=3098.148285993375 tpot_p50=150.52888082744388 []
[22:54:20] concurrency/isl16384_osl256_c64 r2: valid=True out_tps=392.4163576208197 ttft_p50=3079.359919996932 tpot_p50=150.40505701383833 []
[22:57:06] concurrency/isl16384_osl256_c48 r2: valid=True out_tps=384.61335970347375 ttft_p50=3083.0800149706192 tpot_p50=112.69195253125336 []
[22:59:05] concurrency/isl16384_osl256_c32 r2: valid=True out_tps=372.2464252958863 ttft_p50=3366.9988659967203 tpot_p50=72.63587111374365 []
[23:00:18] concurrency/isl16384_osl256_c16 r2: valid=True out_tps=337.6201893327065 ttft_p50=3638.810103992 tpot_p50=32.82732794497289 []
[23:01:06] concurrency/isl16384_osl256_c8 r2: valid=True out_tps=295.16857351321624 ttft_p50=3058.8069839577656 tpot_p50=15.169480619678163 []
[23:01:42] concurrency/isl16384_osl256_c4 r2: valid=True out_tps=232.55958747317155 ttft_p50=1865.1565095060505 tpot_p50=9.95852651163552 []
[23:02:26] concurrency/isl16384_osl256_c2 r2: valid=True out_tps=159.23594870279092 ttft_p50=1128.2631935318932 tpot_p50=8.208645948930187 []
[23:03:27] concurrency/isl16384_osl256_c1 r2: valid=True out_tps=98.24460980986959 ttft_p50=679.8247024707962 tpot_p50=7.542894896138094 []
[23:04:27] concurrency/isl16384_osl256_c1 r3: valid=True out_tps=98.30073969713773 ttft_p50=681.3930370262824 tpot_p50=7.538125464720104 []
[23:05:11] concurrency/isl16384_osl256_c2 r3: valid=True out_tps=159.33717445187642 ttft_p50=1121.069657499902 tpot_p50=8.209250733260905 []
[23:05:47] concurrency/isl16384_osl256_c4 r3: valid=True out_tps=232.54097862641873 ttft_p50=1862.6533259812277 tpot_p50=9.974189609741133 []
[23:06:36] concurrency/isl16384_osl256_c8 r3: valid=True out_tps=295.8293520270654 ttft_p50=3050.5047235055827 tpot_p50=15.143338205776741 []
[23:07:48] concurrency/isl16384_osl256_c16 r3: valid=True out_tps=339.0365778341375 ttft_p50=3641.2642815266736 tpot_p50=32.9842799588554 []
[23:09:47] concurrency/isl16384_osl256_c32 r3: valid=True out_tps=373.35827678005296 ttft_p50=3074.5316709799226 tpot_p50=73.60626314903665 []
[23:12:32] concurrency/isl16384_osl256_c48 r3: valid=True out_tps=385.792866710122 ttft_p50=3386.3452229998074 tpot_p50=111.08088471570656 []
[23:16:04] concurrency/isl16384_osl256_c64 r3: valid=True out_tps=392.23421286930295 ttft_p50=3395.3247644822113 tpot_p50=149.19472050204803 []
== isolated warmup
  warmup c=1 n=1 rc=0
  warmup c=1 n=1 rc=0
  warmup c=1 n=1 rc=0
  warmup c=1 n=1 rc=0
  warmup c=1 n=1 rc=0
  warmup c=1 n=1 rc=0
  warmup c=1 n=1 rc=0
  warmup c=1 n=1 rc=0
  warmup c=1 n=1 rc=0
[23:19:55] isolated/isl1024_osl256_c1 r1: valid=True out_tps=122.2429359263181 ttft_p50=180.90985450544395 tpot_p50=7.467217274539757 []
[23:20:21] isolated/isl2048_osl256_c1 r1: valid=True out_tps=120.43856561853852 ttft_p50=196.33789951330982 tpot_p50=7.540500841181104 []
[23:20:46] isolated/isl4096_osl256_c1 r1: valid=True out_tps=119.91586676030047 ttft_p50=208.4070304990746 tpot_p50=7.531566572530816 []
[23:21:12] isolated/isl8192_osl256_c1 r1: valid=True out_tps=112.75641020603749 ttft_p50=346.15034400485456 tpot_p50=7.5210151587859455 []
[23:21:40] isolated/isl16384_osl256_c1 r1: valid=True out_tps=98.22259123047549 ttft_p50=683.0750319932122 tpot_p50=7.533833260794043 []
[23:22:10] isolated/isl32768_osl256_c1 r1: valid=True out_tps=77.65413865110006 ttft_p50=1373.9039369975217 tpot_p50=7.530144401871618 []
[23:22:47] isolated/isl65536_osl256_c1 r1: valid=True out_tps=53.6168011637868 ttft_p50=2848.9518619899172 tpot_p50=7.547543803914724 []
[23:23:42] isolated/isl131072_osl256_c1 r1: valid=True out_tps=31.04128025040848 ttft_p50=6332.608925498789 tpot_p50=7.478961241134789 []
[23:25:18] isolated/isl260000_osl256_c1 r1: valid=True out_tps=14.766854664041048 ttft_p50=15496.232431993121 tpot_p50=7.401899154886932 []
[23:26:53] isolated/isl260000_osl256_c1 r2: valid=True out_tps=14.702132926239958 ttft_p50=15580.938876519212 tpot_p50=7.431084574565438 []
[23:27:48] isolated/isl131072_osl256_c1 r2: valid=True out_tps=30.816489072870414 ttft_p50=6413.994895527139 tpot_p50=7.492491668638061 []
[23:28:26] isolated/isl65536_osl256_c1 r2: valid=True out_tps=53.391626155094215 ttft_p50=2870.452529983595 tpot_p50=7.548896950902417 []
[23:28:57] isolated/isl32768_osl256_c1 r2: valid=True out_tps=77.71876707251494 ttft_p50=1365.2295035135467 tpot_p50=7.547692233450054 []
[23:29:24] isolated/isl16384_osl256_c1 r2: valid=True out_tps=98.16470667178494 ttft_p50=677.6823774853256 tpot_p50=7.5437989881417415 []
[23:29:49] isolated/isl8192_osl256_c1 r2: valid=True out_tps=112.81461460710305 ttft_p50=343.6067570291925 tpot_p50=7.530593815688774 []
[23:30:15] isolated/isl4096_osl256_c1 r2: valid=True out_tps=119.81916617637306 ttft_p50=211.69034400372766 tpot_p50=7.531672754945855 []
[23:30:40] isolated/isl2048_osl256_c1 r2: valid=True out_tps=120.48220065035038 ttft_p50=196.70683998265304 tpot_p50=7.538339464728922 []
[23:31:05] isolated/isl1024_osl256_c1 r2: valid=True out_tps=122.06371357803935 ttft_p50=191.58762649749406 tpot_p50=7.467345394052601 []
[23:31:30] isolated/isl1024_osl256_c1 r3: valid=True out_tps=122.21145555319826 ttft_p50=180.87180849397555 tpot_p50=7.467158205861992 []
[23:31:56] isolated/isl2048_osl256_c1 r3: valid=True out_tps=120.45684892708287 ttft_p50=195.5645385023672 tpot_p50=7.539016172499852 []
[23:32:21] isolated/isl4096_osl256_c1 r3: valid=True out_tps=119.81836335970976 ttft_p50=210.38595400750637 tpot_p50=7.530258945075284 []
[23:32:47] isolated/isl8192_osl256_c1 r3: valid=True out_tps=112.45893601074052 ttft_p50=342.72711802623235 tpot_p50=7.530576302030799 []
[23:33:15] isolated/isl16384_osl256_c1 r3: valid=True out_tps=98.06227479850912 ttft_p50=684.7928685019724 tpot_p50=7.538761727411446 []
[23:33:45] isolated/isl32768_osl256_c1 r3: valid=True out_tps=77.55141291822567 ttft_p50=1366.403572494164 tpot_p50=7.544786625486963 []
[23:34:23] isolated/isl65536_osl256_c1 r3: valid=True out_tps=53.652923930017444 ttft_p50=2845.6293230119627 tpot_p50=7.546841411728083 []
[23:35:16] isolated/isl131072_osl256_c1 r3: valid=True out_tps=31.06201804823023 ttft_p50=6331.429150508484 tpot_p50=7.488057778362988 []
[23:36:52] isolated/isl260000_osl256_c1 r3: valid=True out_tps=14.752998529673443 ttft_p50=15537.035687972093 tpot_p50=7.435055596037202 []
== context warmup
  warmup c=1 n=1 rc=0
  warmup c=1 n=1 rc=0
  warmup c=1 n=1 rc=0
  warmup c=1 n=1 rc=0
[23:39:05] context/isl16384_osl256_c8 r1: valid=True out_tps=295.2514463432049 ttft_p50=3051.234852464404 tpot_p50=15.097654911725984 []
[23:40:21] context/isl65536_osl256_c8 r1: valid=True out_tps=80.48793198564469 ttft_p50=12027.193352987524 tpot_p50=55.770414882321276 []
[23:42:42] context/isl131072_osl256_c8 r1: valid=True out_tps=37.6827320827128 ttft_p50=25682.483827491524 tpot_p50=105.47201692551263 []
[23:47:35] context/isl260000_osl256_c8 r1: valid=True out_tps=16.952836962822 ttft_p50=60738.40614699293 tpot_p50=234.27052017445126 []
[23:52:27] context/isl260000_osl256_c8 r2: valid=True out_tps=17.027813066178513 ttft_p50=62488.48036400159 tpot_p50=226.00996024899788 []
[23:54:40] context/isl131072_osl256_c8 r2: valid=True out_tps=40.85002806509377 ttft_p50=25272.906321537448 tpot_p50=96.90825962153373 []
[23:55:51] context/isl65536_osl256_c8 r2: valid=True out_tps=87.59881888744819 ttft_p50=11795.0247139961 tpot_p50=44.9683174883545 []
[23:56:24] context/isl16384_osl256_c8 r2: valid=True out_tps=295.0475405561197 ttft_p50=3052.2233829833567 tpot_p50=15.126723160752661 []
[23:56:56] context/isl16384_osl256_c8 r3: valid=True out_tps=294.1572433187562 ttft_p50=3056.6617674776353 tpot_p50=15.191010860771891 []
[23:58:07] context/isl65536_osl256_c8 r3: valid=True out_tps=87.95012282160837 ttft_p50=11728.711019008188 tpot_p50=44.78809932548115 []
[00:00:20] context/isl131072_osl256_c8 r3: valid=True out_tps=40.91293026084752 ttft_p50=25927.961737004807 tpot_p50=94.29117393138928 []
[00:05:10] context/isl260000_osl256_c8 r3: valid=True out_tps=17.08428111509377 ttft_p50=64287.121332017705 tpot_p50=218.1077747294159 []
[00:08:57] prefix/p65536_s2048_n1_c8 r1: valid=True out_tps=83.582775706789 ttft_p50=12210.063704464119 tpot_p50=49.97404950006646 []
[00:12:41] prefix/p65536_s2048_n4_c8 r1: valid=True out_tps=84.67631572964966 ttft_p50=12056.166851485614 tpot_p50=47.51581018813429 []
[00:16:25] prefix/p65536_s2048_n16_c8 r1: valid=True out_tps=84.64817204381755 ttft_p50=12066.023227991536 tpot_p50=47.370681919582076 []
[00:20:10] prefix/p65536_s2048_n16_c8 r2: valid=True out_tps=84.57532447820287 ttft_p50=12254.597405524692 tpot_p50=46.7340049744748 []
[00:23:53] prefix/p65536_s2048_n4_c8 r2: valid=True out_tps=84.60873381249365 ttft_p50=12242.55012552021 tpot_p50=46.739835464669504 []
[00:27:37] prefix/p65536_s2048_n1_c8 r2: valid=True out_tps=84.63727331495106 ttft_p50=12050.337256514467 tpot_p50=47.17987246660735 []
[00:31:20] prefix/p65536_s2048_n1_c8 r3: valid=True out_tps=84.72151166865099 ttft_p50=12195.543300476857 tpot_p50=46.72266042359885 []
[00:35:05] prefix/p65536_s2048_n4_c8 r3: valid=True out_tps=84.59673045943428 ttft_p50=12215.896617475664 tpot_p50=46.70947777648347 []
[00:38:49] prefix/p65536_s2048_n16_c8 r3: valid=True out_tps=84.5508585010338 ttft_p50=12153.397753019817 tpot_p50=47.32198522348578 []
