[05:21:56] CHAIN previous sweep finished
[05:22:11] CHAIN launched v41 dspark-adaptive-k5
[05:25:34] CHAIN ready v41 dspark-adaptive-k5
== concurrency warmup (disjoint seeds)
  warmup c=1 n=1 rc=0
  warmup c=16 n=16 rc=0
  warmup c=64 n=64 rc=0
[05:28:40] concurrency/isl16384_osl256_c1 r1: valid=True out_tps=133.84005744568162 ttft_p50=910.0874089926947 tpot_p50=3.973689684233464 []
[05:29:16] concurrency/isl16384_osl256_c4 r1: valid=True out_tps=221.17877576820965 ttft_p50=1133.693902491359 tpot_p50=13.001320005951486 []
[05:30:42] concurrency/isl16384_osl256_c16 r1: valid=True out_tps=264.3312769043367 ttft_p50=2094.7678894735873 tpot_p50=48.86076947452737 []
[05:35:15] concurrency/isl16384_osl256_c64 r1: valid=True out_tps=287.8301127829745 ttft_p50=17126.46881947876 tpot_p50=140.67743347647288 []
[05:39:47] concurrency/isl16384_osl256_c64 r2: valid=True out_tps=286.9854484707339 ttft_p50=18021.172731008846 tpot_p50=140.9080928743945 []
[05:41:13] concurrency/isl16384_osl256_c16 r2: valid=True out_tps=266.9655735500675 ttft_p50=2161.133660498308 tpot_p50=46.810850652856935 []
[05:41:50] concurrency/isl16384_osl256_c4 r2: valid=True out_tps=217.61664499956086 ttft_p50=1340.4665080015548 tpot_p50=10.55928905877997 []
[05:42:38] concurrency/isl16384_osl256_c1 r2: valid=True out_tps=139.27932793713083 ttft_p50=910.3062104841229 tpot_p50=3.7298675706409212 []
[05:43:28] concurrency/isl16384_osl256_c1 r3: valid=True out_tps=126.16264098736227 ttft_p50=909.562865504995 tpot_p50=3.9338289569451605 []
[05:44:06] concurrency/isl16384_osl256_c4 r3: valid=True out_tps=214.70880314944742 ttft_p50=1514.8292584926821 tpot_p50=11.181187801925903 []
[05:45:31] concurrency/isl16384_osl256_c16 r3: valid=True out_tps=264.7410932790374 ttft_p50=2121.19433702901 tpot_p50=48.38378343528009 []
[05:50:05] concurrency/isl16384_osl256_c64 r3: valid=True out_tps=287.9517657016947 ttft_p50=17120.078430016292 tpot_p50=145.93460855288797 []
[05:50:05] CHAIN sweep done v41 dspark-adaptive-k5 rc=0
[05:50:20] CHAIN launched v4-0731 dspark-fixed-k5
[05:53:51] CHAIN ready v4-0731 dspark-fixed-k5
== concurrency warmup (disjoint seeds)
  warmup c=1 n=1 rc=0
  warmup c=16 n=16 rc=0
  warmup c=64 n=64 rc=0
[05:56:34] concurrency/isl16384_osl256_c1 r1: valid=True out_tps=177.3934295047959 ttft_p50=686.3818160200026 tpot_p50=2.9687341843622135 []
[05:57:06] concurrency/isl16384_osl256_c4 r1: valid=True out_tps=294.26207673590403 ttft_p50=1004.5742164948024 tpot_p50=9.039189935406196 []
[05:58:59] concurrency/isl16384_osl256_c16 r1: valid=True out_tps=185.24730625764585 ttft_p50=1619.9179375253152 tpot_p50=68.46699283718516 []
[06:02:33] concurrency/isl16384_osl256_c64 r1: valid=True out_tps=389.5186125570486 ttft_p50=17740.995345491683 tpot_p50=77.6129182450948 []
[06:06:04] concurrency/isl16384_osl256_c64 r2: valid=True out_tps=394.8763954412475 ttft_p50=18431.6662659985 tpot_p50=78.40552249599212 []
[06:07:13] concurrency/isl16384_osl256_c16 r2: valid=True out_tps=366.12217587633216 ttft_p50=1657.2918749880046 tpot_p50=33.7866034687442 []
[06:07:45] concurrency/isl16384_osl256_c4 r2: valid=True out_tps=307.95689226052275 ttft_p50=1580.0434465054423 tpot_p50=6.102830801939811 []
[06:08:26] concurrency/isl16384_osl256_c1 r2: valid=True out_tps=190.16567975827593 ttft_p50=695.8762694848701 tpot_p50=2.2552568000951307 []
[06:09:07] concurrency/isl16384_osl256_c1 r3: valid=True out_tps=182.6862585953277 ttft_p50=689.3003490113188 tpot_p50=2.900600135349212 []
[06:09:40] concurrency/isl16384_osl256_c4 r3: valid=True out_tps=303.5743388657972 ttft_p50=1152.5867570016999 tpot_p50=7.35707605490461 []
[06:10:47] concurrency/isl16384_osl256_c16 r3: valid=True out_tps=372.4423943616371 ttft_p50=1735.552985483082 tpot_p50=33.75242232155584 []
[06:14:19] concurrency/isl16384_osl256_c64 r3: valid=True out_tps=394.0037132673146 ttft_p50=17866.432568000164 tpot_p50=80.96313325679112 []
[06:14:19] CHAIN sweep done v4-0731 dspark-fixed-k5 rc=0
[06:14:34] CHAIN launched v4-0731 dspark-adaptive-k5
[06:17:54] CHAIN ready v4-0731 dspark-adaptive-k5
== concurrency warmup (disjoint seeds)
  warmup c=1 n=1 rc=0
  warmup c=16 n=16 rc=0
  warmup c=64 n=64 rc=0
[06:20:29] concurrency/isl16384_osl256_c1 r1: valid=True out_tps=179.7584574121489 ttft_p50=688.2173795311246 tpot_p50=2.4712430627094397 []
[06:21:01] concurrency/isl16384_osl256_c4 r1: valid=True out_tps=296.4956705244376 ttft_p50=1132.1641879912931 tpot_p50=6.654134048970745 []
[06:22:13] concurrency/isl16384_osl256_c16 r1: valid=True out_tps=345.9520224661526 ttft_p50=1607.939861016348 tpot_p50=34.50067810390108 []
[06:25:45] concurrency/isl16384_osl256_c64 r1: valid=True out_tps=395.2877521102458 ttft_p50=17696.07356650522 tpot_p50=79.73120402540171 []
[06:29:16] concurrency/isl16384_osl256_c64 r2: valid=True out_tps=394.06110012601744 ttft_p50=18318.25152100646 tpot_p50=80.98714169601034 []
[06:30:26] concurrency/isl16384_osl256_c16 r2: valid=True out_tps=361.0011180745447 ttft_p50=1591.9313464837614 tpot_p50=34.254304827396375 []
[06:30:57] concurrency/isl16384_osl256_c4 r2: valid=True out_tps=304.4334345420324 ttft_p50=975.1883450080641 tpot_p50=7.389512717582322 []
[06:31:39] concurrency/isl16384_osl256_c1 r2: valid=True out_tps=179.55415828185957 ttft_p50=693.4569099976216 tpot_p50=2.6656801312449665 []
[06:32:19] concurrency/isl16384_osl256_c1 r3: valid=True out_tps=186.76998507556138 ttft_p50=687.014906987315 tpot_p50=2.51518469417979 []
[06:32:51] concurrency/isl16384_osl256_c4 r3: valid=True out_tps=301.4683411750322 ttft_p50=994.5088099921122 tpot_p50=8.001860164850036 []
[06:34:05] concurrency/isl16384_osl256_c16 r3: valid=True out_tps=321.02254177886175 ttft_p50=1627.235889522126 tpot_p50=36.6617511235424 []
[06:37:37] concurrency/isl16384_osl256_c64 r3: valid=True out_tps=393.84471279101547 ttft_p50=18174.50236150762 tpot_p50=77.62405450407908 []
[06:37:37] CHAIN sweep done v4-0731 dspark-adaptive-k5 rc=0
[06:37:52] CHAIN ALL DONE, server stopped
